MPI ranks: 1
Peclet Number =  25.0
time unit conversion:  0.005845586908136183 sec/sim unit
F_grav_mesh:  8.487449177146344  F_grav_rod:  101.14995912175824
F_boy_mesh:  8.375503131572037  F_boy_rod:  92.5702750891091
F_const_mesh:  -0.11194604557430665  F_const_rod:  -8.57968403264914
mass_rod =  0.9061594987080823
mass_mesh_bead =  0.07603545032000769
rigid bodies done.
Langevin test.
WCA added.
avg edge length:  0.6384538013292764
bond added.
bend added.
area added.
wall added.
logger added.
Successfully ran for 0 timestep.

Equilibrating mesh...
tps:  452.6668869645517
step:  100
tps:  4998.000799680128
step:  200
tps:  5156.765676567657
step:  300
tps:  5182.95843267337
step:  400
tps:  5217.7089040202445
step:  1400
k_area set to:  10000

Adding gravity...

Finish equilibrating simulation...
step:  42400
step:  43400
step:  44400
step:  45400
step:  46400
step:  47400
step:  48400
step:  49400
step:  50400
step:  51400
step:  52400
step:  53400
step:  54400
step:  55400
step:  56400
step:  57400
step:  58400
step:  59400
step:  60400
step:  61400
step:  62400
step:  63400
step:  64400
step:  65400
step:  66400
step:  67400
step:  68400
step:  69400
step:  70400
step:  71400
step:  72400
step:  73400
step:  74400
step:  75400
step:  76400
step:  77400
step:  78400
step:  79400
step:  80400
step:  81400
step:  82400
step:  83400
step:  84400
step:  85400
step:  86400
step:  87400
step:  88400
step:  89400
step:  90400
step:  91400
step:  92400
step:  93400
step:  94400
step:  95400
step:  96400
step:  97400
step:  98400
step:  99400
step:  100400
step:  101400
step:  102400
step:  103400
step:  104400
step:  105400
step:  106400
step:  107400
step:  108400
step:  109400
step:  110400
step:  111400
step:  112400
step:  113400
step:  114400
step:  115400
step:  116400
step:  117400
step:  118400
step:  119400
step:  120400
step:  121400
step:  122400
step:  123400
step:  124400
step:  125400
step:  126400
step:  127400
step:  128400
step:  129400
step:  130400
step:  131400
step:  132400
step:  133400
step:  134400
step:  135400
step:  136400
step:  137400
step:  138400
step:  139400
step:  140400
step:  141400
step:  142400
step:  143400
step:  144400
step:  145400
step:  146400
step:  147400
step:  148400
step:  149400
step:  150400
step:  151400
step:  152400
step:  153400
step:  154400
step:  155400
step:  156400
step:  157400
step:  158400
step:  159400
step:  160400
step:  161400
step:  162400
step:  163400
step:  164400
step:  165400
step:  166400
step:  167400
step:  168400
step:  169400
step:  170400
step:  171400
step:  172400
step:  173400
step:  174400
step:  175400
step:  176400
step:  177400
step:  178400
step:  179400
step:  180400
step:  181400
step:  182400
step:  183400
step:  184400
step:  185400
step:  186400
step:  187400
step:  188400
step:  189400
step:  190400
step:  191400
step:  192400
step:  193400
step:  194400
step:  195400
step:  196400
step:  197400
step:  198400
step:  199400
step:  200400
step:  201400
step:  202400
step:  203400
step:  204400
step:  205400
step:  206400
step:  207400
step:  208400
step:  209400
step:  210400
step:  211400
step:  212400
step:  213400
step:  214400
step:  215400
step:  216400
step:  217400
step:  218400
step:  219400
step:  220400
step:  221400
step:  222400
step:  223400
step:  224400
step:  225400
step:  226400
step:  227400
step:  228400
step:  229400
step:  230400
step:  231400
step:  232400
step:  233400
step:  234400
step:  235400
step:  236400
step:  237400
step:  238400
step:  239400
step:  240400
step:  241400
step:  242400
step:  243400
step:  244400
step:  245400
step:  246400
step:  247400
step:  248400
step:  249400
step:  250400
step:  251400
step:  252400
step:  253400
step:  254400
step:  255400
step:  256400
step:  257400
step:  258400
step:  259400
step:  260400
step:  261400
step:  262400
step:  263400
step:  264400
step:  265400
step:  266400
step:  267400
step:  268400
step:  269400
step:  270400
step:  271400
step:  272400
step:  273400
step:  274400
step:  275400
step:  276400
step:  277400
step:  278400
step:  279400
step:  280400
step:  281400
step:  282400
step:  283400
step:  284400
step:  285400
step:  286400
step:  287400
step:  288400
step:  289400
step:  290400
step:  291400
step:  292400
step:  293400
step:  294400
step:  295400
step:  296400
step:  297400
step:  298400
step:  299400
step:  300400
step:  301400
step:  302400
step:  303400
step:  304400
step:  305400
step:  306400
step:  307400
step:  308400
step:  309400
step:  310400
step:  311400
step:  312400
step:  313400
step:  314400
step:  315400
step:  316400
step:  317400
step:  318400
step:  319400
step:  320400
step:  321400
step:  322400
step:  323400
step:  324400
step:  325400
step:  326400
step:  327400
step:  328400
step:  329400
step:  330400
step:  331400
step:  332400
step:  333400
step:  334400
step:  335400
step:  336400
step:  337400
step:  338400
step:  339400
step:  340400
step:  341400
step:  342400
step:  343400
step:  344400
step:  345400
step:  346400
step:  347400
step:  348400
step:  349400
step:  350400
step:  351400
step:  352400
step:  353400
step:  354400
step:  355400
step:  356400
step:  357400
step:  358400
step:  359400
step:  360400
step:  361400
step:  362400
step:  363400
step:  364400
step:  365400
step:  366400
step:  367400
step:  368400
step:  369400
step:  370400
step:  371400
step:  372400
step:  373400
step:  374400
step:  375400
step:  376400
step:  377400
step:  378400
step:  379400
step:  380400
step:  381400
step:  382400
step:  383400
step:  384400
step:  385400
step:  386400
step:  387400
step:  388400
step:  389400
step:  390400
step:  391400
step:  392400
step:  393400
step:  394400
step:  395400
step:  396400
step:  397400
step:  398400
step:  399400
step:  400400
step:  401400
step:  402400
step:  403400
step:  404400
step:  405400
step:  406400
step:  407400
step:  408400
step:  409400
step:  410400
step:  411400
step:  412400
step:  413400
step:  414400
step:  415400
step:  416400
step:  417400
step:  418400
step:  419400
step:  420400
step:  421400
step:  422400
step:  423400
step:  424400
step:  425400
step:  426400
step:  427400
step:  428400
step:  429400
step:  430400
step:  431400
step:  432400
step:  433400
step:  434400
step:  435400
step:  436400
step:  437400
step:  438400
step:  439400
step:  440400
step:  441400
step:  442400
step:  443400
step:  444400
step:  445400
step:  446400
step:  447400
step:  448400
step:  449400
step:  450400
step:  451400
step:  452400
step:  453400
step:  454400
step:  455400
step:  456400
step:  457400
step:  458400
step:  459400
step:  460400
step:  461400
step:  462400
step:  463400
step:  464400
step:  465400
step:  466400
step:  467400
step:  468400
step:  469400
step:  470400
step:  471400
step:  472400
step:  473400
step:  474400
step:  475400
step:  476400
step:  477400
step:  478400
step:  479400
step:  480400
step:  481400
step:  482400
step:  483400
step:  484400
step:  485400
step:  486400
step:  487400
step:  488400
step:  489400
step:  490400
step:  491400
step:  492400
step:  493400
step:  494400
step:  495400
step:  496400
step:  497400
step:  498400
step:  499400
step:  500400
step:  501400
step:  502400
step:  503400
step:  504400
step:  505400
step:  506400
step:  507400
step:  508400
step:  509400
step:  510400
step:  511400
step:  512400
step:  513400
step:  514400
step:  515400
step:  516400
step:  517400
step:  518400
step:  519400
step:  520400
step:  521400
step:  522400
step:  523400
step:  524400
step:  525400
step:  526400
step:  527400
step:  528400
step:  529400
step:  530400
step:  531400
step:  532400
step:  533400
step:  534400
step:  535400
step:  536400
step:  537400
step:  538400
step:  539400
step:  540400
step:  541400
step:  542400
step:  543400
step:  544400
step:  545400
step:  546400
step:  547400
step:  548400
step:  549400
step:  550400
step:  551400
step:  552400
step:  553400
step:  554400
step:  555400
step:  556400
step:  557400
step:  558400
step:  559400
step:  560400
step:  561400
step:  562400
step:  563400
step:  564400
step:  565400
step:  566400
step:  567400
step:  568400
step:  569400
step:  570400
step:  571400
step:  572400
step:  573400
step:  574400
step:  575400
step:  576400
step:  577400
step:  578400
step:  579400
step:  580400
step:  581400
step:  582400
step:  583400
step:  584400
step:  585400
step:  586400
step:  587400
step:  588400
step:  589400
step:  590400
step:  591400
step:  592400
step:  593400
step:  594400
step:  595400
step:  596400
step:  597400
step:  598400
step:  599400
step:  600400
step:  601400
step:  602400
step:  603400
step:  604400
step:  605400
step:  606400
step:  607400
step:  608400
step:  609400
step:  610400
step:  611400
step:  612400
step:  613400
step:  614400
step:  615400
step:  616400
step:  617400
step:  618400
step:  619400
step:  620400
step:  621400
step:  622400
step:  623400
step:  624400
srun: Job step aborted: Waiting up to 32 seconds for job step to finish.
[2026-01-26T22:44:42.010] error: *** STEP 14977475.0 ON a240 CANCELLED AT 2026-01-26T22:44:42 DUE TO TIME LIMIT ***
[2026-01-26T22:44:42.015] error: *** JOB 14977475 ON a240 CANCELLED AT 2026-01-26T22:44:42 DUE TO TIME LIMIT ***
step:  625400
step:  626400
step:  627400
step:  628400
step:  629400
step:  630400
step:  631400
step:  632400
step:  633400
step:  634400
step:  635400
step:  636400
step:  637400
step:  638400
step:  639400
step:  640400
step:  641400
step:  642400
step:  643400
step:  644400
step:  645400
step:  646400
step:  647400
step:  648400
step:  649400
step:  650400
step:  651400
step:  652400
step:  653400
step:  654400
step:  655400
step:  656400
step:  657400
step:  658400
step:  659400
step:  660400
step:  661400
step:  662400
step:  663400
step:  664400
step:  665400
step:  666400
step:  667400
step:  668400
step:  669400
step:  670400
step:  671400
step:  672400
step:  673400
step:  674400
step:  675400
step:  676400
step:  677400
step:  678400
step:  679400
step:  680400
step:  681400
step:  682400
step:  683400
step:  684400
step:  685400
step:  686400
step:  687400
step:  688400
step:  689400
step:  690400
step:  691400
step:  692400
step:  693400
step:  694400
step:  695400
step:  696400
step:  697400
step:  698400
step:  699400
step:  700400
step:  701400
step:  702400
step:  703400
step:  704400
